src/app/api/internal/process-queue/route.ts(11,11): error TS6133: 'authHeader' is declared but its value is never read.
src/components/article/ContinueReading.tsx(81,39): error TS6133: 'index' is declared but its value is never read.
src/components/features/SearchOverlay.tsx(28,11): error TS6133: 'router' is declared but its value is never read.
src/lib/content/article.ts(10,46): error TS6133: 'getArticlesBySection' is declared but its value is never read.
src/lib/content/article.ts(11,28): error TS6133: 'ContentValidationError' is declared but its value is never read.
src/lib/content/index.ts(55,5): error TS2724: '"./media-types"' has no exported member named 'ALLOWED_VIDEO_PROVIDERS'. Did you mean 'SOCIAL_VIDEO_PROVIDERS'?
src/lib/content/index.ts(83,5): error TS2305: Module '"./media-types"' has no exported member 'VideoProvider'.
src/lib/feedback/feedback-system.ts(23,5): error TS6133: 'getFullErrorText' is declared but its value is never read.
src/lib/feedback/feedback-system.ts(24,5): error TS6133: 'errorTranslations' is declared but its value is never read.
src/lib/media/index.ts(23,5): error TS2305: Module '"./video-providers"' has no exported member 'getPosterUrl'.
src/lib/media/index.ts(24,5): error TS2305: Module '"./video-providers"' has no exported member 'getYouTubeThumbnailUrls'.
src/lib/media/index.ts(25,5): error TS2305: Module '"./video-providers"' has no exported member 'fetchVideoOEmbed'.
src/lib/media/index.ts(27,5): error TS2305: Module '"./video-providers"' has no exported member 'isValidVideoUrl'.
src/lib/media/index.ts(28,5): error TS2305: Module '"./video-providers"' has no exported member 'isSupportedProvider'.
src/lib/media/index.ts(29,5): error TS2305: Module '"./video-providers"' has no exported member 'getProviderDisplayName'.
src/lib/media/index.ts(31,10): error TS2305: Module '"./video-providers"' has no exported member 'VideoOEmbedData'.
src/lib/media/upload.ts(21,16): error TS6133: 'extname' is declared but its value is never read.
src/lib/media/upload.ts(23,5): error TS6133: 'ALLOWED_IMAGE_FORMATS' is declared but its value is never read.
src/lib/media/upload.ts(24,5): error TS6133: 'MAX_IMAGE_SIZE_BYTES' is declared but its value is never read.
src/lib/media/upload.ts(25,5): error TS6133: 'AllowedImageFormat' is declared but its value is never read.
src/lib/media/upload.ts(189,5): error TS6133: 'buffer' is declared but its value is never read.
src/lib/media/upload.ts(301,31): error TS6133: 'url' is declared but its value is never read.
src/lib/subscription/queue.ts(4,29): error TS6133: 'EventStatus' is declared but its value is never read.
src/lib/subscription/queue.ts(4,42): error TS6133: 'EventPriority' is declared but its value is never read.
src/lib/validation/index.ts(54,5): error TS2305: Module '"./media"' has no exported member 'parseVideoUrl'.
src/lib/validation/index.ts(55,5): error TS2305: Module '"./media"' has no exported member 'generateEmbedUrl'.
src/lib/validation/index.ts(56,5): error TS2305: Module '"./media"' has no exported member 'generatePosterUrl'.
